Archive member included because of file (symbol)

d:/course embedded system/tools/imt sdk/imt_sdk_win_64/winavr/bin/../lib/gcc/avr/4.3.3/avr5\libgcc.a(_udivmodsi4.o)
                              ./HAL/LCD/LCD_prg.o (__udivmodsi4)
d:/course embedded system/tools/imt sdk/imt_sdk_win_64/winavr/bin/../lib/gcc/avr/4.3.3/avr5\libgcc.a(_exit.o)
                              d:/course embedded system/tools/imt sdk/imt_sdk_win_64/winavr/bin/../lib/gcc/avr/4.3.3/../../../../avr/lib/avr5/crtm32.o (exit)
d:/course embedded system/tools/imt sdk/imt_sdk_win_64/winavr/bin/../lib/gcc/avr/4.3.3/avr5\libgcc.a(_copy_data.o)
                              ./HAL/LCD/LCD_prg.o (__do_copy_data)
d:/course embedded system/tools/imt sdk/imt_sdk_win_64/winavr/bin/../lib/gcc/avr/4.3.3/avr5\libgcc.a(_clear_bss.o)
                              ./MCAL/UART/UART_prg.o (__do_clear_bss)
d:/course embedded system/tools/imt sdk/imt_sdk_win_64/winavr/bin/../lib/gcc/avr/4.3.3/avr5\libgcc.a(_fixunssfsi.o)
                              ./HAL/LCD/LCD_prg.o (__fixunssfsi)
d:/course embedded system/tools/imt sdk/imt_sdk_win_64/winavr/bin/../lib/gcc/avr/4.3.3/avr5\libgcc.a(_addsub_sf.o)
                              ./HAL/LCD/LCD_prg.o (__subsf3)
d:/course embedded system/tools/imt sdk/imt_sdk_win_64/winavr/bin/../lib/gcc/avr/4.3.3/avr5\libgcc.a(_mul_sf.o)
                              ./HAL/LCD/LCD_prg.o (__mulsf3)
d:/course embedded system/tools/imt sdk/imt_sdk_win_64/winavr/bin/../lib/gcc/avr/4.3.3/avr5\libgcc.a(_ge_sf.o)
                              d:/course embedded system/tools/imt sdk/imt_sdk_win_64/winavr/bin/../lib/gcc/avr/4.3.3/avr5\libgcc.a(_fixunssfsi.o) (__gesf2)
d:/course embedded system/tools/imt sdk/imt_sdk_win_64/winavr/bin/../lib/gcc/avr/4.3.3/avr5\libgcc.a(_sf_to_si.o)
                              d:/course embedded system/tools/imt sdk/imt_sdk_win_64/winavr/bin/../lib/gcc/avr/4.3.3/avr5\libgcc.a(_fixunssfsi.o) (__fixsfsi)
d:/course embedded system/tools/imt sdk/imt_sdk_win_64/winavr/bin/../lib/gcc/avr/4.3.3/avr5\libgcc.a(_thenan_sf.o)
                              d:/course embedded system/tools/imt sdk/imt_sdk_win_64/winavr/bin/../lib/gcc/avr/4.3.3/avr5\libgcc.a(_addsub_sf.o) (__thenan_sf)
d:/course embedded system/tools/imt sdk/imt_sdk_win_64/winavr/bin/../lib/gcc/avr/4.3.3/avr5\libgcc.a(_usi_to_sf.o)
                              ./HAL/LCD/LCD_prg.o (__floatunsisf)
d:/course embedded system/tools/imt sdk/imt_sdk_win_64/winavr/bin/../lib/gcc/avr/4.3.3/avr5\libgcc.a(_prologue.o)
                              d:/course embedded system/tools/imt sdk/imt_sdk_win_64/winavr/bin/../lib/gcc/avr/4.3.3/avr5\libgcc.a(_addsub_sf.o) (__prologue_saves__)
d:/course embedded system/tools/imt sdk/imt_sdk_win_64/winavr/bin/../lib/gcc/avr/4.3.3/avr5\libgcc.a(_epilogue.o)
                              d:/course embedded system/tools/imt sdk/imt_sdk_win_64/winavr/bin/../lib/gcc/avr/4.3.3/avr5\libgcc.a(_addsub_sf.o) (__epilogue_restores__)
d:/course embedded system/tools/imt sdk/imt_sdk_win_64/winavr/bin/../lib/gcc/avr/4.3.3/avr5\libgcc.a(_clzsi2.o)
                              d:/course embedded system/tools/imt sdk/imt_sdk_win_64/winavr/bin/../lib/gcc/avr/4.3.3/avr5\libgcc.a(_usi_to_sf.o) (__clzsi2)
d:/course embedded system/tools/imt sdk/imt_sdk_win_64/winavr/bin/../lib/gcc/avr/4.3.3/avr5\libgcc.a(_pack_sf.o)
                              d:/course embedded system/tools/imt sdk/imt_sdk_win_64/winavr/bin/../lib/gcc/avr/4.3.3/avr5\libgcc.a(_addsub_sf.o) (__pack_f)
d:/course embedded system/tools/imt sdk/imt_sdk_win_64/winavr/bin/../lib/gcc/avr/4.3.3/avr5\libgcc.a(_unpack_sf.o)
                              d:/course embedded system/tools/imt sdk/imt_sdk_win_64/winavr/bin/../lib/gcc/avr/4.3.3/avr5\libgcc.a(_addsub_sf.o) (__unpack_f)
d:/course embedded system/tools/imt sdk/imt_sdk_win_64/winavr/bin/../lib/gcc/avr/4.3.3/avr5\libgcc.a(_fpcmp_parts_sf.o)
                              d:/course embedded system/tools/imt sdk/imt_sdk_win_64/winavr/bin/../lib/gcc/avr/4.3.3/avr5\libgcc.a(_ge_sf.o) (__fpcmp_parts_f)
d:/course embedded system/tools/imt sdk/imt_sdk_win_64/winavr/bin/../lib/gcc/avr/4.3.3/avr5\libgcc.a(_clz.o)
                              d:/course embedded system/tools/imt sdk/imt_sdk_win_64/winavr/bin/../lib/gcc/avr/4.3.3/avr5\libgcc.a(_clzsi2.o) (__clz_tab)
d:/course embedded system/tools/imt sdk/imt_sdk_win_64/winavr/bin/../lib/gcc/avr/4.3.3/../../../../avr/lib/avr5\libc.a(eerd_byte_atmega32.o)
                              ./APP/Main.o (__eerd_byte_m32)
d:/course embedded system/tools/imt sdk/imt_sdk_win_64/winavr/bin/../lib/gcc/avr/4.3.3/../../../../avr/lib/avr5\libc.a(eeupd_byte_atmega32.o)
                              ./APP/Flashing_Manager/Flashing_Manger.o (__eeupd_byte_m32)

Allocating common symbols
Common symbol       size              file

au8RxBuffer         0xff              ./MCAL/UART/UART_prg.o
u8len               0x1               ./MCAL/UART/UART_prg.o

Memory Configuration

Name             Origin             Length             Attributes
text             0x00000000         0x00020000         xr
data             0x00800060         0x0000ffa0         rw !x
eeprom           0x00810000         0x00010000         rw !x
fuse             0x00820000         0x00000400         rw !x
lock             0x00830000         0x00000400         rw !x
signature        0x00840000         0x00000400         rw !x
*default*        0x00000000         0xffffffff

Linker script and memory map

LOAD d:/course embedded system/tools/imt sdk/imt_sdk_win_64/winavr/bin/../lib/gcc/avr/4.3.3/../../../../avr/lib/avr5/crtm32.o
LOAD ./MCAL/UART/UART_prg.o
LOAD ./MCAL/GIE/GIE_prg.o
LOAD ./MCAL/DIO/DIO_prg.o
LOAD ./HAL/LCD/LCD_prg.o
LOAD ./APP/Flashing_Manager/Flashing_Manger.o
LOAD ./APP/Main.o
LOAD d:/course embedded system/tools/imt sdk/imt_sdk_win_64/winavr/bin/../lib/gcc/avr/4.3.3/avr5\libgcc.a
LOAD d:/course embedded system/tools/imt sdk/imt_sdk_win_64/winavr/bin/../lib/gcc/avr/4.3.3/../../../../avr/lib/avr5\libc.a
LOAD d:/course embedded system/tools/imt sdk/imt_sdk_win_64/winavr/bin/../lib/gcc/avr/4.3.3/avr5\libgcc.a
Address of section .text set to 0x7000

.hash
 *(.hash)

.dynsym
 *(.dynsym)

.dynstr
 *(.dynstr)

.gnu.version
 *(.gnu.version)

.gnu.version_d
 *(.gnu.version_d)

.gnu.version_r
 *(.gnu.version_r)

.rel.init
 *(.rel.init)

.rela.init
 *(.rela.init)

.rel.text
 *(.rel.text)
 *(.rel.text.*)
 *(.rel.gnu.linkonce.t*)

.rela.text
 *(.rela.text)
 *(.rela.text.*)
 *(.rela.gnu.linkonce.t*)

.rel.fini
 *(.rel.fini)

.rela.fini
 *(.rela.fini)

.rel.rodata
 *(.rel.rodata)
 *(.rel.rodata.*)
 *(.rel.gnu.linkonce.r*)

.rela.rodata
 *(.rela.rodata)
 *(.rela.rodata.*)
 *(.rela.gnu.linkonce.r*)

.rel.data
 *(.rel.data)
 *(.rel.data.*)
 *(.rel.gnu.linkonce.d*)

.rela.data
 *(.rela.data)
 *(.rela.data.*)
 *(.rela.gnu.linkonce.d*)

.rel.ctors
 *(.rel.ctors)

.rela.ctors
 *(.rela.ctors)

.rel.dtors
 *(.rel.dtors)

.rela.dtors
 *(.rela.dtors)

.rel.got
 *(.rel.got)

.rela.got
 *(.rela.got)

.rel.bss
 *(.rel.bss)

.rela.bss
 *(.rela.bss)

.rel.plt
 *(.rel.plt)

.rela.plt
 *(.rela.plt)

.text           0x00007000     0x1ac8
 *(.vectors)
 .vectors       0x00007000       0x54 d:/course embedded system/tools/imt sdk/imt_sdk_win_64/winavr/bin/../lib/gcc/avr/4.3.3/../../../../avr/lib/avr5/crtm32.o
                0x00007000                __vectors
                0x00007000                __vector_default
 *(.vectors)
 *(.progmem.gcc*)
 *(.progmem*)
                0x00007054                . = ALIGN (0x2)
                0x00007054                __trampolines_start = .
 *(.trampolines)
 .trampolines   0x00007054        0x0 linker stubs
 *(.trampolines*)
                0x00007054                __trampolines_end = .
 *(.jumptables)
 *(.jumptables*)
 *(.lowtext)
 *(.lowtext*)
                0x00007054                __ctors_start = .
 *(.ctors)
                0x00007054                __ctors_end = .
                0x00007054                __dtors_start = .
 *(.dtors)
                0x00007054                __dtors_end = .
 SORT(*)(.ctors)
 SORT(*)(.dtors)
 *(.init0)
 .init0         0x00007054        0x0 d:/course embedded system/tools/imt sdk/imt_sdk_win_64/winavr/bin/../lib/gcc/avr/4.3.3/../../../../avr/lib/avr5/crtm32.o
                0x00007054                __init
 *(.init0)
 *(.init1)
 *(.init1)
 *(.init2)
 .init2         0x00007054        0xc d:/course embedded system/tools/imt sdk/imt_sdk_win_64/winavr/bin/../lib/gcc/avr/4.3.3/../../../../avr/lib/avr5/crtm32.o
 *(.init2)
 *(.init3)
 *(.init3)
 *(.init4)
 .init4         0x00007060       0x16 d:/course embedded system/tools/imt sdk/imt_sdk_win_64/winavr/bin/../lib/gcc/avr/4.3.3/avr5\libgcc.a(_copy_data.o)
                0x00007060                __do_copy_data
 .init4         0x00007076       0x10 d:/course embedded system/tools/imt sdk/imt_sdk_win_64/winavr/bin/../lib/gcc/avr/4.3.3/avr5\libgcc.a(_clear_bss.o)
                0x00007076                __do_clear_bss
 *(.init4)
 *(.init5)
 *(.init5)
 *(.init6)
 *(.init6)
 *(.init7)
 *(.init7)
 *(.init8)
 *(.init8)
 *(.init9)
 .init9         0x00007086        0x8 d:/course embedded system/tools/imt sdk/imt_sdk_win_64/winavr/bin/../lib/gcc/avr/4.3.3/../../../../avr/lib/avr5/crtm32.o
 *(.init9)
 *(.text)
 .text          0x0000708e        0x4 d:/course embedded system/tools/imt sdk/imt_sdk_win_64/winavr/bin/../lib/gcc/avr/4.3.3/../../../../avr/lib/avr5/crtm32.o
                0x0000708e                __vector_1
                0x0000708e                __vector_12
                0x0000708e                __bad_interrupt
                0x0000708e                __vector_6
                0x0000708e                __vector_3
                0x0000708e                __vector_11
                0x0000708e                __vector_17
                0x0000708e                __vector_19
                0x0000708e                __vector_7
                0x0000708e                __vector_5
                0x0000708e                __vector_4
                0x0000708e                __vector_9
                0x0000708e                __vector_2
                0x0000708e                __vector_8
                0x0000708e                __vector_10
                0x0000708e                __vector_16
                0x0000708e                __vector_18
                0x0000708e                __vector_20
 .text          0x00007092        0x0 ./MCAL/UART/UART_prg.o
 .text          0x00007092        0x0 ./MCAL/GIE/GIE_prg.o
 .text          0x00007092        0x0 ./MCAL/DIO/DIO_prg.o
 .text          0x00007092        0x0 ./HAL/LCD/LCD_prg.o
 .text          0x00007092        0x0 ./APP/Flashing_Manager/Flashing_Manger.o
 .text          0x00007092        0x0 ./APP/Main.o
 .text          0x00007092        0x0 d:/course embedded system/tools/imt sdk/imt_sdk_win_64/winavr/bin/../lib/gcc/avr/4.3.3/avr5\libgcc.a(_udivmodsi4.o)
 .text          0x00007092        0x0 d:/course embedded system/tools/imt sdk/imt_sdk_win_64/winavr/bin/../lib/gcc/avr/4.3.3/avr5\libgcc.a(_exit.o)
 .text          0x00007092        0x0 d:/course embedded system/tools/imt sdk/imt_sdk_win_64/winavr/bin/../lib/gcc/avr/4.3.3/avr5\libgcc.a(_copy_data.o)
 .text          0x00007092        0x0 d:/course embedded system/tools/imt sdk/imt_sdk_win_64/winavr/bin/../lib/gcc/avr/4.3.3/avr5\libgcc.a(_clear_bss.o)
 .text          0x00007092       0x58 d:/course embedded system/tools/imt sdk/imt_sdk_win_64/winavr/bin/../lib/gcc/avr/4.3.3/avr5\libgcc.a(_fixunssfsi.o)
                0x00007092                __fixunssfsi
 .text          0x000070ea      0x354 d:/course embedded system/tools/imt sdk/imt_sdk_win_64/winavr/bin/../lib/gcc/avr/4.3.3/avr5\libgcc.a(_addsub_sf.o)
                0x00007382                __subsf3
                0x000073e4                __addsf3
 .text          0x0000743e      0x1f4 d:/course embedded system/tools/imt sdk/imt_sdk_win_64/winavr/bin/../lib/gcc/avr/4.3.3/avr5\libgcc.a(_mul_sf.o)
                0x0000743e                __mulsf3
 .text          0x00007632       0x60 d:/course embedded system/tools/imt sdk/imt_sdk_win_64/winavr/bin/../lib/gcc/avr/4.3.3/avr5\libgcc.a(_ge_sf.o)
                0x00007632                __gesf2
 .text          0x00007692       0xa8 d:/course embedded system/tools/imt sdk/imt_sdk_win_64/winavr/bin/../lib/gcc/avr/4.3.3/avr5\libgcc.a(_sf_to_si.o)
                0x00007692                __fixsfsi
 .text          0x0000773a        0x0 d:/course embedded system/tools/imt sdk/imt_sdk_win_64/winavr/bin/../lib/gcc/avr/4.3.3/avr5\libgcc.a(_thenan_sf.o)
 .text          0x0000773a       0xf2 d:/course embedded system/tools/imt sdk/imt_sdk_win_64/winavr/bin/../lib/gcc/avr/4.3.3/avr5\libgcc.a(_usi_to_sf.o)
                0x0000773a                __floatunsisf
 .text          0x0000782c        0x0 d:/course embedded system/tools/imt sdk/imt_sdk_win_64/winavr/bin/../lib/gcc/avr/4.3.3/avr5\libgcc.a(_prologue.o)
 .text          0x0000782c        0x0 d:/course embedded system/tools/imt sdk/imt_sdk_win_64/winavr/bin/../lib/gcc/avr/4.3.3/avr5\libgcc.a(_epilogue.o)
 .text          0x0000782c       0x9e d:/course embedded system/tools/imt sdk/imt_sdk_win_64/winavr/bin/../lib/gcc/avr/4.3.3/avr5\libgcc.a(_clzsi2.o)
                0x0000782c                __clzsi2
 .text          0x000078ca      0x1aa d:/course embedded system/tools/imt sdk/imt_sdk_win_64/winavr/bin/../lib/gcc/avr/4.3.3/avr5\libgcc.a(_pack_sf.o)
                0x000078ca                __pack_f
 .text          0x00007a74       0xf0 d:/course embedded system/tools/imt sdk/imt_sdk_win_64/winavr/bin/../lib/gcc/avr/4.3.3/avr5\libgcc.a(_unpack_sf.o)
                0x00007a74                __unpack_f
 .text          0x00007b64       0xb2 d:/course embedded system/tools/imt sdk/imt_sdk_win_64/winavr/bin/../lib/gcc/avr/4.3.3/avr5\libgcc.a(_fpcmp_parts_sf.o)
                0x00007b64                __fpcmp_parts_f
 .text          0x00007c16        0x0 d:/course embedded system/tools/imt sdk/imt_sdk_win_64/winavr/bin/../lib/gcc/avr/4.3.3/avr5\libgcc.a(_clz.o)
 .text          0x00007c16        0x0 d:/course embedded system/tools/imt sdk/imt_sdk_win_64/winavr/bin/../lib/gcc/avr/4.3.3/../../../../avr/lib/avr5\libc.a(eerd_byte_atmega32.o)
 .text          0x00007c16        0x0 d:/course embedded system/tools/imt sdk/imt_sdk_win_64/winavr/bin/../lib/gcc/avr/4.3.3/../../../../avr/lib/avr5\libc.a(eeupd_byte_atmega32.o)
                0x00007c16                . = ALIGN (0x2)
 *(.text.*)
 .text.UART_vSendData
                0x00007c16        0x8 ./MCAL/UART/UART_prg.o
                0x00007c16                UART_vSendData
 .text.UART_u8GetData
                0x00007c1e        0x8 ./MCAL/UART/UART_prg.o
                0x00007c1e                UART_u8GetData
 .text.UART_vSend_String
                0x00007c26       0x20 ./MCAL/UART/UART_prg.o
                0x00007c26                UART_vSend_String
 .text.UART_vGet_String
                0x00007c46       0x2e ./MCAL/UART/UART_prg.o
                0x00007c46                UART_vGet_String
 .text.UART_vCallBack_RXC
                0x00007c74        0xa ./MCAL/UART/UART_prg.o
                0x00007c74                UART_vCallBack_RXC
 .text.UART_vCallBack_TXC
                0x00007c7e        0xa ./MCAL/UART/UART_prg.o
                0x00007c7e                UART_vCallBack_TXC
 .text.UART_vCallBack_UDRE
                0x00007c88        0xa ./MCAL/UART/UART_prg.o
                0x00007c88                UART_vCallBack_UDRE
 .text.__vector_13
                0x00007c92       0x4e ./MCAL/UART/UART_prg.o
                0x00007c92                __vector_13
 .text.__vector_14
                0x00007ce0       0x4e ./MCAL/UART/UART_prg.o
                0x00007ce0                __vector_14
 .text.__vector_15
                0x00007d2e       0x4e ./MCAL/UART/UART_prg.o
                0x00007d2e                __vector_15
 .text.UART_vidRxHandler
                0x00007d7c       0x56 ./MCAL/UART/UART_prg.o
                0x00007d7c                UART_vidRxHandler
 .text.UART_vInit
                0x00007dd2       0x28 ./MCAL/UART/UART_prg.o
                0x00007dd2                UART_vInit
 .text.GIE_vEnableGlobalInterrupt
                0x00007dfa        0x8 ./MCAL/GIE/GIE_prg.o
                0x00007dfa                GIE_vEnableGlobalInterrupt
 .text.GIE_vDisableGlobalInterrupt
                0x00007e02        0x8 ./MCAL/GIE/GIE_prg.o
                0x00007e02                GIE_vDisableGlobalInterrupt
 .text.DIO_vPinDir
                0x00007e0a       0xbc ./MCAL/DIO/DIO_prg.o
                0x00007e0a                DIO_vPinDir
 .text.DIO_vSetPinVal
                0x00007ec6       0xbc ./MCAL/DIO/DIO_prg.o
                0x00007ec6                DIO_vSetPinVal
 .text.DIO_u8GetPinVal
                0x00007f82       0x3e ./MCAL/DIO/DIO_prg.o
                0x00007f82                DIO_u8GetPinVal
 .text.DIO_vPortDir
                0x00007fc0       0x22 ./MCAL/DIO/DIO_prg.o
                0x00007fc0                DIO_vPortDir
 .text.DIO_vSetPortVal
                0x00007fe2       0x22 ./MCAL/DIO/DIO_prg.o
                0x00007fe2                DIO_vSetPortVal
 .text.DIO_vToggelPinVal
                0x00008004       0x6a ./MCAL/DIO/DIO_prg.o
                0x00008004                DIO_vToggelPinVal
 .text.LCD_vConvIntToChar
                0x0000806e       0xa8 ./HAL/LCD/LCD_prg.o
 .text.LCD_vShiftCursor
                0x00008116        0x2 ./HAL/LCD/LCD_prg.o
                0x00008116                LCD_vShiftCursor
 .text.LCD_vInstruction
                0x00008118       0xbc ./HAL/LCD/LCD_prg.o
 .text.LCD_vTurnOff
                0x000081d4        0x8 ./HAL/LCD/LCD_prg.o
                0x000081d4                LCD_vTurnOff
 .text.LCD_vTurnOn
                0x000081dc        0x8 ./HAL/LCD/LCD_prg.o
                0x000081dc                LCD_vTurnOn
 .text.LCD_vShiftDisp
                0x000081e4       0x1a ./HAL/LCD/LCD_prg.o
                0x000081e4                LCD_vShiftDisp
 .text.LCD_vReturnHome
                0x000081fe        0x8 ./HAL/LCD/LCD_prg.o
                0x000081fe                LCD_vReturnHome
 .text.LCD_vSetPos
                0x00008206       0x1e ./HAL/LCD/LCD_prg.o
                0x00008206                LCD_vSetPos
 .text.LCD_vCLR
                0x00008224       0x10 ./HAL/LCD/LCD_prg.o
                0x00008224                LCD_vCLR
 .text.LCD_vSendData
                0x00008234       0xc2 ./HAL/LCD/LCD_prg.o
 .text.LCD_vCreateCustomPattern
                0x000082f6       0x40 ./HAL/LCD/LCD_prg.o
 .text.LCD_vDispCustomChar
                0x00008336       0x60 ./HAL/LCD/LCD_prg.o
                0x00008336                LCD_vDispCustomChar
 .text.LCD_vDispNum
                0x00008396       0xa6 ./HAL/LCD/LCD_prg.o
                0x00008396                LCD_vDispNum
 .text.LCD_vDispChar
                0x0000843c        0x6 ./HAL/LCD/LCD_prg.o
                0x0000843c                LCD_vDispChar
 .text.LCD_vDispStr
                0x00008442       0x26 ./HAL/LCD/LCD_prg.o
                0x00008442                LCD_vDispStr
 .text.LCD_vDispFloat
                0x00008468      0x17c ./HAL/LCD/LCD_prg.o
                0x00008468                LCD_vDispFloat
 .text.LCD_vInit
                0x000085e4       0xd0 ./HAL/LCD/LCD_prg.o
                0x000085e4                LCD_vInit
 .text.flashing_vidRxNotification
                0x000086b4       0x1c ./APP/Flashing_Manager/Flashing_Manger.o
                0x000086b4                flashing_vidRxNotification
 .text.flashingMngr_vidHandleReqFromApp
                0x000086d0       0x14 ./APP/Flashing_Manager/Flashing_Manger.o
                0x000086d0                flashingMngr_vidHandleReqFromApp
 .text.boot_program_page
                0x000086e4       0xa2 ./APP/Flashing_Manager/Flashing_Manger.o
                0x000086e4                boot_program_page
 .text.flashingMngr_vidMainTask
                0x00008786      0x1da ./APP/Flashing_Manager/Flashing_Manger.o
                0x00008786                flashingMngr_vidMainTask
 .text.APP_vidMoveIVT
                0x00008960       0x18 ./APP/Main.o
                0x00008960                APP_vidMoveIVT
 .text.main     0x00008978       0x68 ./APP/Main.o
                0x00008978                main
 .text.libgcc   0x000089e0       0x44 d:/course embedded system/tools/imt sdk/imt_sdk_win_64/winavr/bin/../lib/gcc/avr/4.3.3/avr5\libgcc.a(_udivmodsi4.o)
                0x000089e0                __udivmodsi4
 .text.libgcc   0x00008a24        0x0 d:/course embedded system/tools/imt sdk/imt_sdk_win_64/winavr/bin/../lib/gcc/avr/4.3.3/avr5\libgcc.a(_exit.o)
 .text.libgcc   0x00008a24        0x0 d:/course embedded system/tools/imt sdk/imt_sdk_win_64/winavr/bin/../lib/gcc/avr/4.3.3/avr5\libgcc.a(_copy_data.o)
 .text.libgcc   0x00008a24        0x0 d:/course embedded system/tools/imt sdk/imt_sdk_win_64/winavr/bin/../lib/gcc/avr/4.3.3/avr5\libgcc.a(_clear_bss.o)
 .text.libgcc   0x00008a24       0x38 d:/course embedded system/tools/imt sdk/imt_sdk_win_64/winavr/bin/../lib/gcc/avr/4.3.3/avr5\libgcc.a(_prologue.o)
                0x00008a24                __prologue_saves__
 .text.libgcc   0x00008a5c       0x36 d:/course embedded system/tools/imt sdk/imt_sdk_win_64/winavr/bin/../lib/gcc/avr/4.3.3/avr5\libgcc.a(_epilogue.o)
                0x00008a5c                __epilogue_restores__
 .text.avr-libc
                0x00008a92       0x10 d:/course embedded system/tools/imt sdk/imt_sdk_win_64/winavr/bin/../lib/gcc/avr/4.3.3/../../../../avr/lib/avr5\libc.a(eerd_byte_atmega32.o)
                0x00008a92                __eerd_byte_m32
 .text.avr-libc
                0x00008aa2       0x22 d:/course embedded system/tools/imt sdk/imt_sdk_win_64/winavr/bin/../lib/gcc/avr/4.3.3/../../../../avr/lib/avr5\libc.a(eeupd_byte_atmega32.o)
                0x00008aa2                __eeupd_byte_m32
                0x00008aa4                __eeupd_r18_m32
                0x00008ac4                . = ALIGN (0x2)
 *(.fini9)
 .fini9         0x00008ac4        0x0 d:/course embedded system/tools/imt sdk/imt_sdk_win_64/winavr/bin/../lib/gcc/avr/4.3.3/avr5\libgcc.a(_exit.o)
                0x00008ac4                exit
                0x00008ac4                _exit
 *(.fini9)
 *(.fini8)
 *(.fini8)
 *(.fini7)
 *(.fini7)
 *(.fini6)
 *(.fini6)
 *(.fini5)
 *(.fini5)
 *(.fini4)
 *(.fini4)
 *(.fini3)
 *(.fini3)
 *(.fini2)
 *(.fini2)
 *(.fini1)
 *(.fini1)
 *(.fini0)
 .fini0         0x00008ac4        0x4 d:/course embedded system/tools/imt sdk/imt_sdk_win_64/winavr/bin/../lib/gcc/avr/4.3.3/avr5\libgcc.a(_exit.o)
 *(.fini0)
                0x00008ac8                _etext = .

.data           0x00800060      0x120 load address 0x00008ac8
                0x00800060                PROVIDE (__data_start, .)
 *(.data)
 .data          0x00800060        0x0 d:/course embedded system/tools/imt sdk/imt_sdk_win_64/winavr/bin/../lib/gcc/avr/4.3.3/../../../../avr/lib/avr5/crtm32.o
 .data          0x00800060        0x0 ./MCAL/UART/UART_prg.o
 .data          0x00800060        0x0 ./MCAL/GIE/GIE_prg.o
 .data          0x00800060        0x0 ./MCAL/DIO/DIO_prg.o
 .data          0x00800060        0x0 ./HAL/LCD/LCD_prg.o
 .data          0x00800060        0x0 ./APP/Flashing_Manager/Flashing_Manger.o
 .data          0x00800060        0x0 ./APP/Main.o
 .data          0x00800060        0x0 d:/course embedded system/tools/imt sdk/imt_sdk_win_64/winavr/bin/../lib/gcc/avr/4.3.3/avr5\libgcc.a(_udivmodsi4.o)
 .data          0x00800060        0x0 d:/course embedded system/tools/imt sdk/imt_sdk_win_64/winavr/bin/../lib/gcc/avr/4.3.3/avr5\libgcc.a(_exit.o)
 .data          0x00800060        0x0 d:/course embedded system/tools/imt sdk/imt_sdk_win_64/winavr/bin/../lib/gcc/avr/4.3.3/avr5\libgcc.a(_copy_data.o)
 .data          0x00800060        0x0 d:/course embedded system/tools/imt sdk/imt_sdk_win_64/winavr/bin/../lib/gcc/avr/4.3.3/avr5\libgcc.a(_clear_bss.o)
 .data          0x00800060        0x0 d:/course embedded system/tools/imt sdk/imt_sdk_win_64/winavr/bin/../lib/gcc/avr/4.3.3/avr5\libgcc.a(_fixunssfsi.o)
 .data          0x00800060        0x0 d:/course embedded system/tools/imt sdk/imt_sdk_win_64/winavr/bin/../lib/gcc/avr/4.3.3/avr5\libgcc.a(_addsub_sf.o)
 .data          0x00800060        0x0 d:/course embedded system/tools/imt sdk/imt_sdk_win_64/winavr/bin/../lib/gcc/avr/4.3.3/avr5\libgcc.a(_mul_sf.o)
 .data          0x00800060        0x0 d:/course embedded system/tools/imt sdk/imt_sdk_win_64/winavr/bin/../lib/gcc/avr/4.3.3/avr5\libgcc.a(_ge_sf.o)
 .data          0x00800060        0x0 d:/course embedded system/tools/imt sdk/imt_sdk_win_64/winavr/bin/../lib/gcc/avr/4.3.3/avr5\libgcc.a(_sf_to_si.o)
 .data          0x00800060        0x8 d:/course embedded system/tools/imt sdk/imt_sdk_win_64/winavr/bin/../lib/gcc/avr/4.3.3/avr5\libgcc.a(_thenan_sf.o)
                0x00800060                __thenan_sf
 .data          0x00800068        0x0 d:/course embedded system/tools/imt sdk/imt_sdk_win_64/winavr/bin/../lib/gcc/avr/4.3.3/avr5\libgcc.a(_usi_to_sf.o)
 .data          0x00800068        0x0 d:/course embedded system/tools/imt sdk/imt_sdk_win_64/winavr/bin/../lib/gcc/avr/4.3.3/avr5\libgcc.a(_prologue.o)
 .data          0x00800068        0x0 d:/course embedded system/tools/imt sdk/imt_sdk_win_64/winavr/bin/../lib/gcc/avr/4.3.3/avr5\libgcc.a(_epilogue.o)
 .data          0x00800068        0x0 d:/course embedded system/tools/imt sdk/imt_sdk_win_64/winavr/bin/../lib/gcc/avr/4.3.3/avr5\libgcc.a(_clzsi2.o)
 .data          0x00800068        0x0 d:/course embedded system/tools/imt sdk/imt_sdk_win_64/winavr/bin/../lib/gcc/avr/4.3.3/avr5\libgcc.a(_pack_sf.o)
 .data          0x00800068        0x0 d:/course embedded system/tools/imt sdk/imt_sdk_win_64/winavr/bin/../lib/gcc/avr/4.3.3/avr5\libgcc.a(_unpack_sf.o)
 .data          0x00800068        0x0 d:/course embedded system/tools/imt sdk/imt_sdk_win_64/winavr/bin/../lib/gcc/avr/4.3.3/avr5\libgcc.a(_fpcmp_parts_sf.o)
 .data          0x00800068      0x100 d:/course embedded system/tools/imt sdk/imt_sdk_win_64/winavr/bin/../lib/gcc/avr/4.3.3/avr5\libgcc.a(_clz.o)
                0x00800068                __clz_tab
 .data          0x00800168        0x0 d:/course embedded system/tools/imt sdk/imt_sdk_win_64/winavr/bin/../lib/gcc/avr/4.3.3/../../../../avr/lib/avr5\libc.a(eerd_byte_atmega32.o)
 .data          0x00800168        0x0 d:/course embedded system/tools/imt sdk/imt_sdk_win_64/winavr/bin/../lib/gcc/avr/4.3.3/../../../../avr/lib/avr5\libc.a(eeupd_byte_atmega32.o)
 *(.data*)
 .data.G_u8Pattern0
                0x00800168        0x8 ./HAL/LCD/LCD_prg.o
 .data.G_u8Pattern1
                0x00800170        0x8 ./HAL/LCD/LCD_prg.o
 .data.G_u8Pattern2
                0x00800178        0x8 ./HAL/LCD/LCD_prg.o
 *(.rodata)
 *(.rodata*)
 *(.gnu.linkonce.d*)
                0x00800180                . = ALIGN (0x2)
                0x00800180                _edata = .
                0x00800180                PROVIDE (__data_end, .)

.bss            0x00800180      0x113
                0x00800180                PROVIDE (__bss_start, .)
 *(.bss)
 .bss           0x00800180        0x0 d:/course embedded system/tools/imt sdk/imt_sdk_win_64/winavr/bin/../lib/gcc/avr/4.3.3/../../../../avr/lib/avr5/crtm32.o
 .bss           0x00800180        0x0 ./MCAL/UART/UART_prg.o
 .bss           0x00800180        0x0 ./MCAL/GIE/GIE_prg.o
 .bss           0x00800180        0x0 ./MCAL/DIO/DIO_prg.o
 .bss           0x00800180        0x0 ./HAL/LCD/LCD_prg.o
 .bss           0x00800180        0x0 ./APP/Flashing_Manager/Flashing_Manger.o
 .bss           0x00800180        0x0 ./APP/Main.o
 .bss           0x00800180        0x0 d:/course embedded system/tools/imt sdk/imt_sdk_win_64/winavr/bin/../lib/gcc/avr/4.3.3/avr5\libgcc.a(_udivmodsi4.o)
 .bss           0x00800180        0x0 d:/course embedded system/tools/imt sdk/imt_sdk_win_64/winavr/bin/../lib/gcc/avr/4.3.3/avr5\libgcc.a(_exit.o)
 .bss           0x00800180        0x0 d:/course embedded system/tools/imt sdk/imt_sdk_win_64/winavr/bin/../lib/gcc/avr/4.3.3/avr5\libgcc.a(_copy_data.o)
 .bss           0x00800180        0x0 d:/course embedded system/tools/imt sdk/imt_sdk_win_64/winavr/bin/../lib/gcc/avr/4.3.3/avr5\libgcc.a(_clear_bss.o)
 .bss           0x00800180        0x0 d:/course embedded system/tools/imt sdk/imt_sdk_win_64/winavr/bin/../lib/gcc/avr/4.3.3/avr5\libgcc.a(_fixunssfsi.o)
 .bss           0x00800180        0x0 d:/course embedded system/tools/imt sdk/imt_sdk_win_64/winavr/bin/../lib/gcc/avr/4.3.3/avr5\libgcc.a(_addsub_sf.o)
 .bss           0x00800180        0x0 d:/course embedded system/tools/imt sdk/imt_sdk_win_64/winavr/bin/../lib/gcc/avr/4.3.3/avr5\libgcc.a(_mul_sf.o)
 .bss           0x00800180        0x0 d:/course embedded system/tools/imt sdk/imt_sdk_win_64/winavr/bin/../lib/gcc/avr/4.3.3/avr5\libgcc.a(_ge_sf.o)
 .bss           0x00800180        0x0 d:/course embedded system/tools/imt sdk/imt_sdk_win_64/winavr/bin/../lib/gcc/avr/4.3.3/avr5\libgcc.a(_sf_to_si.o)
 .bss           0x00800180        0x0 d:/course embedded system/tools/imt sdk/imt_sdk_win_64/winavr/bin/../lib/gcc/avr/4.3.3/avr5\libgcc.a(_thenan_sf.o)
 .bss           0x00800180        0x0 d:/course embedded system/tools/imt sdk/imt_sdk_win_64/winavr/bin/../lib/gcc/avr/4.3.3/avr5\libgcc.a(_usi_to_sf.o)
 .bss           0x00800180        0x0 d:/course embedded system/tools/imt sdk/imt_sdk_win_64/winavr/bin/../lib/gcc/avr/4.3.3/avr5\libgcc.a(_prologue.o)
 .bss           0x00800180        0x0 d:/course embedded system/tools/imt sdk/imt_sdk_win_64/winavr/bin/../lib/gcc/avr/4.3.3/avr5\libgcc.a(_epilogue.o)
 .bss           0x00800180        0x0 d:/course embedded system/tools/imt sdk/imt_sdk_win_64/winavr/bin/../lib/gcc/avr/4.3.3/avr5\libgcc.a(_clzsi2.o)
 .bss           0x00800180        0x0 d:/course embedded system/tools/imt sdk/imt_sdk_win_64/winavr/bin/../lib/gcc/avr/4.3.3/avr5\libgcc.a(_pack_sf.o)
 .bss           0x00800180        0x0 d:/course embedded system/tools/imt sdk/imt_sdk_win_64/winavr/bin/../lib/gcc/avr/4.3.3/avr5\libgcc.a(_unpack_sf.o)
 .bss           0x00800180        0x0 d:/course embedded system/tools/imt sdk/imt_sdk_win_64/winavr/bin/../lib/gcc/avr/4.3.3/avr5\libgcc.a(_fpcmp_parts_sf.o)
 .bss           0x00800180        0x0 d:/course embedded system/tools/imt sdk/imt_sdk_win_64/winavr/bin/../lib/gcc/avr/4.3.3/avr5\libgcc.a(_clz.o)
 .bss           0x00800180        0x0 d:/course embedded system/tools/imt sdk/imt_sdk_win_64/winavr/bin/../lib/gcc/avr/4.3.3/../../../../avr/lib/avr5\libc.a(eerd_byte_atmega32.o)
 .bss           0x00800180        0x0 d:/course embedded system/tools/imt sdk/imt_sdk_win_64/winavr/bin/../lib/gcc/avr/4.3.3/../../../../avr/lib/avr5\libc.a(eeupd_byte_atmega32.o)
 *(.bss*)
 .bss.G_PTRF_UART_RXC
                0x00800180        0x2 ./MCAL/UART/UART_prg.o
                0x00800180                G_PTRF_UART_RXC
 .bss.G_PTRF_UART_UDRE
                0x00800182        0x2 ./MCAL/UART/UART_prg.o
                0x00800182                G_PTRF_UART_UDRE
 .bss.G_PTRF_UART_TXC
                0x00800184        0x2 ./MCAL/UART/UART_prg.o
                0x00800184                G_PTRF_UART_TXC
 .bss.bufferIdx.1319
                0x00800186        0x1 ./MCAL/UART/UART_prg.o
 .bss.RxState.1318
                0x00800187        0x1 ./MCAL/UART/UART_prg.o
 .bss.u8IsRequestReceived
                0x00800188        0x1 ./APP/Flashing_Manager/Flashing_Manger.o
 .bss.u8PageNo.1556
                0x00800189        0x1 ./APP/Flashing_Manager/Flashing_Manger.o
 .bss.u16ReceivedLen.1555
                0x0080018a        0x2 ./APP/Flashing_Manager/Flashing_Manger.o
 .bss.u16CodeSize.1554
                0x0080018c        0x2 ./APP/Flashing_Manager/Flashing_Manger.o
 .bss.u8SID     0x0080018e        0x1 ./APP/Flashing_Manager/Flashing_Manger.o
 .bss.u8ReqLen  0x0080018f        0x1 ./APP/Flashing_Manager/Flashing_Manger.o
 .bss.pu8ReqData
                0x00800190        0x2 ./APP/Flashing_Manager/Flashing_Manger.o
 .bss.enuDownloadState
                0x00800192        0x1 ./APP/Flashing_Manager/Flashing_Manger.o
 *(COMMON)
 COMMON         0x00800193      0x100 ./MCAL/UART/UART_prg.o
                0x00800193                au8RxBuffer
                0x00800292                u8len
                0x00800293                PROVIDE (__bss_end, .)
                0x00008ac8                __data_load_start = LOADADDR (.data)
                0x00008be8                __data_load_end = (__data_load_start + SIZEOF (.data))

.noinit         0x00800293        0x0
                0x00800293                PROVIDE (__noinit_start, .)
 *(.noinit*)
                0x00800293                PROVIDE (__noinit_end, .)
                0x00800293                _end = .
                0x00800293                PROVIDE (__heap_start, .)

.eeprom         0x00810000        0x2
 *(.eeprom*)
 .eeprom        0x00810000        0x2 ./APP/Main.o
                0x00810000                eedata
                0x00810002                __eeprom_end = .

.fuse
 *(.fuse)
 *(.lfuse)
 *(.hfuse)
 *(.efuse)

.lock
 *(.lock*)

.signature
 *(.signature*)

.stab
 *(.stab)

.stabstr
 *(.stabstr)

.stab.excl
 *(.stab.excl)

.stab.exclstr
 *(.stab.exclstr)

.stab.index
 *(.stab.index)

.stab.indexstr
 *(.stab.indexstr)

.comment
 *(.comment)

.debug
 *(.debug)

.line
 *(.line)

.debug_srcinfo
 *(.debug_srcinfo)

.debug_sfnames
 *(.debug_sfnames)

.debug_aranges  0x00000000      0x140
 *(.debug_aranges)
 .debug_aranges
                0x00000000       0x20 d:/course embedded system/tools/imt sdk/imt_sdk_win_64/winavr/bin/../lib/gcc/avr/4.3.3/avr5\libgcc.a(_fixunssfsi.o)
 .debug_aranges
                0x00000020       0x20 d:/course embedded system/tools/imt sdk/imt_sdk_win_64/winavr/bin/../lib/gcc/avr/4.3.3/avr5\libgcc.a(_addsub_sf.o)
 .debug_aranges
                0x00000040       0x20 d:/course embedded system/tools/imt sdk/imt_sdk_win_64/winavr/bin/../lib/gcc/avr/4.3.3/avr5\libgcc.a(_mul_sf.o)
 .debug_aranges
                0x00000060       0x20 d:/course embedded system/tools/imt sdk/imt_sdk_win_64/winavr/bin/../lib/gcc/avr/4.3.3/avr5\libgcc.a(_ge_sf.o)
 .debug_aranges
                0x00000080       0x20 d:/course embedded system/tools/imt sdk/imt_sdk_win_64/winavr/bin/../lib/gcc/avr/4.3.3/avr5\libgcc.a(_sf_to_si.o)
 .debug_aranges
                0x000000a0       0x20 d:/course embedded system/tools/imt sdk/imt_sdk_win_64/winavr/bin/../lib/gcc/avr/4.3.3/avr5\libgcc.a(_usi_to_sf.o)
 .debug_aranges
                0x000000c0       0x20 d:/course embedded system/tools/imt sdk/imt_sdk_win_64/winavr/bin/../lib/gcc/avr/4.3.3/avr5\libgcc.a(_clzsi2.o)
 .debug_aranges
                0x000000e0       0x20 d:/course embedded system/tools/imt sdk/imt_sdk_win_64/winavr/bin/../lib/gcc/avr/4.3.3/avr5\libgcc.a(_pack_sf.o)
 .debug_aranges
                0x00000100       0x20 d:/course embedded system/tools/imt sdk/imt_sdk_win_64/winavr/bin/../lib/gcc/avr/4.3.3/avr5\libgcc.a(_unpack_sf.o)
 .debug_aranges
                0x00000120       0x20 d:/course embedded system/tools/imt sdk/imt_sdk_win_64/winavr/bin/../lib/gcc/avr/4.3.3/avr5\libgcc.a(_fpcmp_parts_sf.o)

.debug_pubnames
                0x00000000      0x197
 *(.debug_pubnames)
 .debug_pubnames
                0x00000000       0x23 d:/course embedded system/tools/imt sdk/imt_sdk_win_64/winavr/bin/../lib/gcc/avr/4.3.3/avr5\libgcc.a(_fixunssfsi.o)
 .debug_pubnames
                0x00000023       0x2c d:/course embedded system/tools/imt sdk/imt_sdk_win_64/winavr/bin/../lib/gcc/avr/4.3.3/avr5\libgcc.a(_addsub_sf.o)
 .debug_pubnames
                0x0000004f       0x1f d:/course embedded system/tools/imt sdk/imt_sdk_win_64/winavr/bin/../lib/gcc/avr/4.3.3/avr5\libgcc.a(_mul_sf.o)
 .debug_pubnames
                0x0000006e       0x1e d:/course embedded system/tools/imt sdk/imt_sdk_win_64/winavr/bin/../lib/gcc/avr/4.3.3/avr5\libgcc.a(_ge_sf.o)
 .debug_pubnames
                0x0000008c       0x20 d:/course embedded system/tools/imt sdk/imt_sdk_win_64/winavr/bin/../lib/gcc/avr/4.3.3/avr5\libgcc.a(_sf_to_si.o)
 .debug_pubnames
                0x000000ac       0x22 d:/course embedded system/tools/imt sdk/imt_sdk_win_64/winavr/bin/../lib/gcc/avr/4.3.3/avr5\libgcc.a(_thenan_sf.o)
 .debug_pubnames
                0x000000ce       0x24 d:/course embedded system/tools/imt sdk/imt_sdk_win_64/winavr/bin/../lib/gcc/avr/4.3.3/avr5\libgcc.a(_usi_to_sf.o)
 .debug_pubnames
                0x000000f2       0x1f d:/course embedded system/tools/imt sdk/imt_sdk_win_64/winavr/bin/../lib/gcc/avr/4.3.3/avr5\libgcc.a(_clzsi2.o)
 .debug_pubnames
                0x00000111       0x1f d:/course embedded system/tools/imt sdk/imt_sdk_win_64/winavr/bin/../lib/gcc/avr/4.3.3/avr5\libgcc.a(_pack_sf.o)
 .debug_pubnames
                0x00000130       0x21 d:/course embedded system/tools/imt sdk/imt_sdk_win_64/winavr/bin/../lib/gcc/avr/4.3.3/avr5\libgcc.a(_unpack_sf.o)
 .debug_pubnames
                0x00000151       0x26 d:/course embedded system/tools/imt sdk/imt_sdk_win_64/winavr/bin/../lib/gcc/avr/4.3.3/avr5\libgcc.a(_fpcmp_parts_sf.o)
 .debug_pubnames
                0x00000177       0x20 d:/course embedded system/tools/imt sdk/imt_sdk_win_64/winavr/bin/../lib/gcc/avr/4.3.3/avr5\libgcc.a(_clz.o)

.debug_info     0x00000000     0x1b11
 *(.debug_info)
 .debug_info    0x00000000       0xb1 d:/course embedded system/tools/imt sdk/imt_sdk_win_64/winavr/bin/../lib/gcc/avr/4.3.3/avr5\libgcc.a(_fixunssfsi.o)
 .debug_info    0x000000b1      0x47a d:/course embedded system/tools/imt sdk/imt_sdk_win_64/winavr/bin/../lib/gcc/avr/4.3.3/avr5\libgcc.a(_addsub_sf.o)
 .debug_info    0x0000052b      0x485 d:/course embedded system/tools/imt sdk/imt_sdk_win_64/winavr/bin/../lib/gcc/avr/4.3.3/avr5\libgcc.a(_mul_sf.o)
 .debug_info    0x000009b0      0x27f d:/course embedded system/tools/imt sdk/imt_sdk_win_64/winavr/bin/../lib/gcc/avr/4.3.3/avr5\libgcc.a(_ge_sf.o)
 .debug_info    0x00000c2f      0x2b0 d:/course embedded system/tools/imt sdk/imt_sdk_win_64/winavr/bin/../lib/gcc/avr/4.3.3/avr5\libgcc.a(_sf_to_si.o)
 .debug_info    0x00000edf      0x12c d:/course embedded system/tools/imt sdk/imt_sdk_win_64/winavr/bin/../lib/gcc/avr/4.3.3/avr5\libgcc.a(_thenan_sf.o)
 .debug_info    0x0000100b      0x206 d:/course embedded system/tools/imt sdk/imt_sdk_win_64/winavr/bin/../lib/gcc/avr/4.3.3/avr5\libgcc.a(_usi_to_sf.o)
 .debug_info    0x00001211      0x117 d:/course embedded system/tools/imt sdk/imt_sdk_win_64/winavr/bin/../lib/gcc/avr/4.3.3/avr5\libgcc.a(_clzsi2.o)
 .debug_info    0x00001328      0x2df d:/course embedded system/tools/imt sdk/imt_sdk_win_64/winavr/bin/../lib/gcc/avr/4.3.3/avr5\libgcc.a(_pack_sf.o)
 .debug_info    0x00001607      0x251 d:/course embedded system/tools/imt sdk/imt_sdk_win_64/winavr/bin/../lib/gcc/avr/4.3.3/avr5\libgcc.a(_unpack_sf.o)
 .debug_info    0x00001858      0x210 d:/course embedded system/tools/imt sdk/imt_sdk_win_64/winavr/bin/../lib/gcc/avr/4.3.3/avr5\libgcc.a(_fpcmp_parts_sf.o)
 .debug_info    0x00001a68       0xa9 d:/course embedded system/tools/imt sdk/imt_sdk_win_64/winavr/bin/../lib/gcc/avr/4.3.3/avr5\libgcc.a(_clz.o)
 *(.gnu.linkonce.wi.*)

.debug_abbrev   0x00000000      0xebc
 *(.debug_abbrev)
 .debug_abbrev  0x00000000       0x5d d:/course embedded system/tools/imt sdk/imt_sdk_win_64/winavr/bin/../lib/gcc/avr/4.3.3/avr5\libgcc.a(_fixunssfsi.o)
 .debug_abbrev  0x0000005d      0x1ea d:/course embedded system/tools/imt sdk/imt_sdk_win_64/winavr/bin/../lib/gcc/avr/4.3.3/avr5\libgcc.a(_addsub_sf.o)
 .debug_abbrev  0x00000247      0x21b d:/course embedded system/tools/imt sdk/imt_sdk_win_64/winavr/bin/../lib/gcc/avr/4.3.3/avr5\libgcc.a(_mul_sf.o)
 .debug_abbrev  0x00000462      0x15a d:/course embedded system/tools/imt sdk/imt_sdk_win_64/winavr/bin/../lib/gcc/avr/4.3.3/avr5\libgcc.a(_ge_sf.o)
 .debug_abbrev  0x000005bc      0x17f d:/course embedded system/tools/imt sdk/imt_sdk_win_64/winavr/bin/../lib/gcc/avr/4.3.3/avr5\libgcc.a(_sf_to_si.o)
 .debug_abbrev  0x0000073b       0xad d:/course embedded system/tools/imt sdk/imt_sdk_win_64/winavr/bin/../lib/gcc/avr/4.3.3/avr5\libgcc.a(_thenan_sf.o)
 .debug_abbrev  0x000007e8      0x157 d:/course embedded system/tools/imt sdk/imt_sdk_win_64/winavr/bin/../lib/gcc/avr/4.3.3/avr5\libgcc.a(_usi_to_sf.o)
 .debug_abbrev  0x0000093f       0xc4 d:/course embedded system/tools/imt sdk/imt_sdk_win_64/winavr/bin/../lib/gcc/avr/4.3.3/avr5\libgcc.a(_clzsi2.o)
 .debug_abbrev  0x00000a03      0x1c0 d:/course embedded system/tools/imt sdk/imt_sdk_win_64/winavr/bin/../lib/gcc/avr/4.3.3/avr5\libgcc.a(_pack_sf.o)
 .debug_abbrev  0x00000bc3      0x154 d:/course embedded system/tools/imt sdk/imt_sdk_win_64/winavr/bin/../lib/gcc/avr/4.3.3/avr5\libgcc.a(_unpack_sf.o)
 .debug_abbrev  0x00000d17      0x13b d:/course embedded system/tools/imt sdk/imt_sdk_win_64/winavr/bin/../lib/gcc/avr/4.3.3/avr5\libgcc.a(_fpcmp_parts_sf.o)
 .debug_abbrev  0x00000e52       0x6a d:/course embedded system/tools/imt sdk/imt_sdk_win_64/winavr/bin/../lib/gcc/avr/4.3.3/avr5\libgcc.a(_clz.o)

.debug_line     0x00000000      0xe5b
 *(.debug_line)
 .debug_line    0x00000000       0xa7 d:/course embedded system/tools/imt sdk/imt_sdk_win_64/winavr/bin/../lib/gcc/avr/4.3.3/avr5\libgcc.a(_fixunssfsi.o)
 .debug_line    0x000000a7      0x2af d:/course embedded system/tools/imt sdk/imt_sdk_win_64/winavr/bin/../lib/gcc/avr/4.3.3/avr5\libgcc.a(_addsub_sf.o)
 .debug_line    0x00000356      0x239 d:/course embedded system/tools/imt sdk/imt_sdk_win_64/winavr/bin/../lib/gcc/avr/4.3.3/avr5\libgcc.a(_mul_sf.o)
 .debug_line    0x0000058f       0xd3 d:/course embedded system/tools/imt sdk/imt_sdk_win_64/winavr/bin/../lib/gcc/avr/4.3.3/avr5\libgcc.a(_ge_sf.o)
 .debug_line    0x00000662      0x109 d:/course embedded system/tools/imt sdk/imt_sdk_win_64/winavr/bin/../lib/gcc/avr/4.3.3/avr5\libgcc.a(_sf_to_si.o)
 .debug_line    0x0000076b       0x90 d:/course embedded system/tools/imt sdk/imt_sdk_win_64/winavr/bin/../lib/gcc/avr/4.3.3/avr5\libgcc.a(_thenan_sf.o)
 .debug_line    0x000007fb      0x133 d:/course embedded system/tools/imt sdk/imt_sdk_win_64/winavr/bin/../lib/gcc/avr/4.3.3/avr5\libgcc.a(_usi_to_sf.o)
 .debug_line    0x0000092e       0xa5 d:/course embedded system/tools/imt sdk/imt_sdk_win_64/winavr/bin/../lib/gcc/avr/4.3.3/avr5\libgcc.a(_clzsi2.o)
 .debug_line    0x000009d3      0x18a d:/course embedded system/tools/imt sdk/imt_sdk_win_64/winavr/bin/../lib/gcc/avr/4.3.3/avr5\libgcc.a(_pack_sf.o)
 .debug_line    0x00000b5d      0x14b d:/course embedded system/tools/imt sdk/imt_sdk_win_64/winavr/bin/../lib/gcc/avr/4.3.3/avr5\libgcc.a(_unpack_sf.o)
 .debug_line    0x00000ca8      0x137 d:/course embedded system/tools/imt sdk/imt_sdk_win_64/winavr/bin/../lib/gcc/avr/4.3.3/avr5\libgcc.a(_fpcmp_parts_sf.o)
 .debug_line    0x00000ddf       0x7c d:/course embedded system/tools/imt sdk/imt_sdk_win_64/winavr/bin/../lib/gcc/avr/4.3.3/avr5\libgcc.a(_clz.o)

.debug_frame    0x00000000      0x160
 *(.debug_frame)
 .debug_frame   0x00000000       0x20 d:/course embedded system/tools/imt sdk/imt_sdk_win_64/winavr/bin/../lib/gcc/avr/4.3.3/avr5\libgcc.a(_fixunssfsi.o)
 .debug_frame   0x00000020       0x40 d:/course embedded system/tools/imt sdk/imt_sdk_win_64/winavr/bin/../lib/gcc/avr/4.3.3/avr5\libgcc.a(_addsub_sf.o)
 .debug_frame   0x00000060       0x20 d:/course embedded system/tools/imt sdk/imt_sdk_win_64/winavr/bin/../lib/gcc/avr/4.3.3/avr5\libgcc.a(_mul_sf.o)
 .debug_frame   0x00000080       0x20 d:/course embedded system/tools/imt sdk/imt_sdk_win_64/winavr/bin/../lib/gcc/avr/4.3.3/avr5\libgcc.a(_ge_sf.o)
 .debug_frame   0x000000a0       0x20 d:/course embedded system/tools/imt sdk/imt_sdk_win_64/winavr/bin/../lib/gcc/avr/4.3.3/avr5\libgcc.a(_sf_to_si.o)
 .debug_frame   0x000000c0       0x20 d:/course embedded system/tools/imt sdk/imt_sdk_win_64/winavr/bin/../lib/gcc/avr/4.3.3/avr5\libgcc.a(_usi_to_sf.o)
 .debug_frame   0x000000e0       0x20 d:/course embedded system/tools/imt sdk/imt_sdk_win_64/winavr/bin/../lib/gcc/avr/4.3.3/avr5\libgcc.a(_clzsi2.o)
 .debug_frame   0x00000100       0x20 d:/course embedded system/tools/imt sdk/imt_sdk_win_64/winavr/bin/../lib/gcc/avr/4.3.3/avr5\libgcc.a(_pack_sf.o)
 .debug_frame   0x00000120       0x20 d:/course embedded system/tools/imt sdk/imt_sdk_win_64/winavr/bin/../lib/gcc/avr/4.3.3/avr5\libgcc.a(_unpack_sf.o)
 .debug_frame   0x00000140       0x20 d:/course embedded system/tools/imt sdk/imt_sdk_win_64/winavr/bin/../lib/gcc/avr/4.3.3/avr5\libgcc.a(_fpcmp_parts_sf.o)

.debug_str      0x00000000      0x2b1
 *(.debug_str)
 .debug_str     0x00000000       0xbf d:/course embedded system/tools/imt sdk/imt_sdk_win_64/winavr/bin/../lib/gcc/avr/4.3.3/avr5\libgcc.a(_fixunssfsi.o)
                                 0xfe (size before relaxing)
 .debug_str     0x000000bf      0x14d d:/course embedded system/tools/imt sdk/imt_sdk_win_64/winavr/bin/../lib/gcc/avr/4.3.3/avr5\libgcc.a(_addsub_sf.o)
                                0x206 (size before relaxing)
 .debug_str     0x0000020c       0x27 d:/course embedded system/tools/imt sdk/imt_sdk_win_64/winavr/bin/../lib/gcc/avr/4.3.3/avr5\libgcc.a(_mul_sf.o)
                                0x1bf (size before relaxing)
 .debug_str     0x00000233        0x8 d:/course embedded system/tools/imt sdk/imt_sdk_win_64/winavr/bin/../lib/gcc/avr/4.3.3/avr5\libgcc.a(_ge_sf.o)
                                0x195 (size before relaxing)
 .debug_str     0x0000023b        0xa d:/course embedded system/tools/imt sdk/imt_sdk_win_64/winavr/bin/../lib/gcc/avr/4.3.3/avr5\libgcc.a(_sf_to_si.o)
                                0x19e (size before relaxing)
 .debug_str     0x00000000      0x103 d:/course embedded system/tools/imt sdk/imt_sdk_win_64/winavr/bin/../lib/gcc/avr/4.3.3/avr5\libgcc.a(_thenan_sf.o)
 .debug_str     0x00000245       0x21 d:/course embedded system/tools/imt sdk/imt_sdk_win_64/winavr/bin/../lib/gcc/avr/4.3.3/avr5\libgcc.a(_usi_to_sf.o)
                                0x177 (size before relaxing)
 .debug_str     0x00000266       0x20 d:/course embedded system/tools/imt sdk/imt_sdk_win_64/winavr/bin/../lib/gcc/avr/4.3.3/avr5\libgcc.a(_clzsi2.o)
                                0x111 (size before relaxing)
 .debug_str     0x00000286       0x10 d:/course embedded system/tools/imt sdk/imt_sdk_win_64/winavr/bin/../lib/gcc/avr/4.3.3/avr5\libgcc.a(_pack_sf.o)
                                0x19d (size before relaxing)
 .debug_str     0x00000296        0xb d:/course embedded system/tools/imt sdk/imt_sdk_win_64/winavr/bin/../lib/gcc/avr/4.3.3/avr5\libgcc.a(_unpack_sf.o)
                                0x17f (size before relaxing)
 .debug_str     0x000002a1       0x10 d:/course embedded system/tools/imt sdk/imt_sdk_win_64/winavr/bin/../lib/gcc/avr/4.3.3/avr5\libgcc.a(_fpcmp_parts_sf.o)
                                0x163 (size before relaxing)
 .debug_str     0x00000000       0xf4 d:/course embedded system/tools/imt sdk/imt_sdk_win_64/winavr/bin/../lib/gcc/avr/4.3.3/avr5\libgcc.a(_clz.o)

.debug_loc      0x00000000      0x836
 *(.debug_loc)
 .debug_loc     0x00000000       0x34 d:/course embedded system/tools/imt sdk/imt_sdk_win_64/winavr/bin/../lib/gcc/avr/4.3.3/avr5\libgcc.a(_fixunssfsi.o)
 .debug_loc     0x00000034      0x32a d:/course embedded system/tools/imt sdk/imt_sdk_win_64/winavr/bin/../lib/gcc/avr/4.3.3/avr5\libgcc.a(_addsub_sf.o)
 .debug_loc     0x0000035e      0x104 d:/course embedded system/tools/imt sdk/imt_sdk_win_64/winavr/bin/../lib/gcc/avr/4.3.3/avr5\libgcc.a(_mul_sf.o)
 .debug_loc     0x00000462       0x3c d:/course embedded system/tools/imt sdk/imt_sdk_win_64/winavr/bin/../lib/gcc/avr/4.3.3/avr5\libgcc.a(_ge_sf.o)
 .debug_loc     0x0000049e       0x7e d:/course embedded system/tools/imt sdk/imt_sdk_win_64/winavr/bin/../lib/gcc/avr/4.3.3/avr5\libgcc.a(_sf_to_si.o)
 .debug_loc     0x0000051c       0x4c d:/course embedded system/tools/imt sdk/imt_sdk_win_64/winavr/bin/../lib/gcc/avr/4.3.3/avr5\libgcc.a(_usi_to_sf.o)
 .debug_loc     0x00000568       0x94 d:/course embedded system/tools/imt sdk/imt_sdk_win_64/winavr/bin/../lib/gcc/avr/4.3.3/avr5\libgcc.a(_clzsi2.o)
 .debug_loc     0x000005fc      0x13e d:/course embedded system/tools/imt sdk/imt_sdk_win_64/winavr/bin/../lib/gcc/avr/4.3.3/avr5\libgcc.a(_pack_sf.o)
 .debug_loc     0x0000073a       0xac d:/course embedded system/tools/imt sdk/imt_sdk_win_64/winavr/bin/../lib/gcc/avr/4.3.3/avr5\libgcc.a(_unpack_sf.o)
 .debug_loc     0x000007e6       0x50 d:/course embedded system/tools/imt sdk/imt_sdk_win_64/winavr/bin/../lib/gcc/avr/4.3.3/avr5\libgcc.a(_fpcmp_parts_sf.o)

.debug_macinfo
 *(.debug_macinfo)
OUTPUT(FOTA.elf elf32-avr)
LOAD linker stubs

.debug_ranges   0x00000000       0x50
 .debug_ranges  0x00000000       0x50 d:/course embedded system/tools/imt sdk/imt_sdk_win_64/winavr/bin/../lib/gcc/avr/4.3.3/avr5\libgcc.a(_mul_sf.o)
